A2ML1
AAAS
AACS
AASS
ABCB11
ABCB6
ABCB7
ABCC6
ABCC9
ABCD1
ABCD4
ABHD5
ACAD9
ACADM
ACADS
ACADVL
ACAN
ACAT1
ACBD6
ACO2
ACOX1
ACP5
ACSF3
ACSL4
ACTA2
ACTB
ACTG1
ACVR1
ACVR2B
ACY1
ADA
ADAMTS18
ADAR
ADAT3
ADCK3
ADK
ADNP
ADRA2B
ADSL
AFF2
AFG3L2
AGA
AGK
AGL
AGO1
AGPAT2
AGPS
AGTR2
AGXT
AHCY
AHDC1
AHI1
AIFM1
AIMP1
AIPL1
AIRE
AK1
AK2
AKT1
AKT3
ALAD
ALDH18A1
ALDH1A3
ALDH3A2
ALDH4A1
ALDH5A1
ALDH7A1
ALDOA
ALDOB
ALG1
ALG11
ALG12
ALG13
ALG2
ALG3
ALG6
ALG8
ALG9
ALMS1
ALPL
ALX1
ALX3
ALX4
AMER1
AMPD2
AMT
ANK3
ANKH
ANKRD11
ANKRD26
ANO10
ANO5
ANTXR1
AP1S2
AP3B1
AP4B1
AP4E1
AP4M1
AP4S1
APOPT1
APTX
AR
AREL1
ARFGEF2
ARG1
ARHGAP31
ARHGEF6
ARHGEF9
ARID1A
ARID1B
ARIH1
ARL13B
ARL14EP
ARL6
ARMC4
ARSA
ARSB
ARSE
ARX
ASAH1
ASCC3
ASCL1
ASH1L
ASL
ASNS
ASPA
ASPH
ASPM
ASS1
ASXL1
ASXL3
ATF4
ATF6
ATIC
ATM
ATOH7
ATP13A2
ATP1A2
ATP1A3
ATP2A2
ATP2B3
ATP6AP2
ATP6V0A2
ATP6V1B1
ATP7A
ATP7B
ATP8A2
ATP8B1
ATR
ATRX
ATXN3L
AUH
AUTS2
AXIN1
B3GALNT2
B3GALT6
B3GALTL
B4GALT1
B4GALT7
BANF1
BBS1
BBS10
BBS12
BBS2
BBS4
BBS5
BBS7
BBS9
BCAP31
BCKDHA
BCKDHB
BCKDK
BCL11A
BCOR
BCS1L
BFSP2
BICD2
BIN1
BIP
BLM
BLOC1S6
BMP3
BMP4
BMPER
BMPR1B
BOLA3
BPIFB6
BRAF
BRAT1
BRCA1
BRCA2
BRD3
BRIP1
BRWD3
BSCL2
BSND
BTD
BUB1B
C12orf57
C12orf65
C21orf59
C22orf25
C22orf31
C2CD3
C2orf71
C4orf26
C5orf42
C7orf11
C8orf37
CA2
CA5A
CA8
CABP2
CACNA1A
CACNA1C
CACNA1D
CACNA1F
CACNA1G
CACNG2
CAMTA1
CAPN10
CAPN12b
CAPRIN1
CARD14
CASK
CASP2
CASR
CAV1
CBL
CBS
CC2D1A
CC2D2A
CCBE1
CCDC103
CCDC114
CCDC151
CCDC22
CCDC39
CCDC40
CCDC65
CCDC78
CCDC8
CCDC82
CCNA2
CCND2
CCNO
CD151
CD96
CDC6
CDH10
CDH15
CDH23
CDH3
CDH9
CDK5RAP2
CDK6
CDKL5
CDKN1C
CDON
CDT1
CENPJ
CEP135
CEP152
CEP290
CEP41
CEP57
CEP63
CEP83
CFC1
CFL2
CHAMP1
CHD2
CHD7
CHD8
CHKB
CHM
CHMP1A
CHOP
CHRDL1
CHRNA1
CHRNA2
CHRNA4
CHRNA7
CHRNB2
CHST14
CHST3
CHSY1
CHUK
CIB2
CIC
CIRH1A
CISD2
CKAP2L
CLCN2
CLCN4
CLCN7
CLCNKA
CLCNKB
CLDN14
CLDN19
CLIC2
CLN3
CLN5
CLN6
CLN8
CLP1
CLPP
CNKSR1
CNKSR2
CNTN4
CNTNAP2
COA5
COASY
COG1
COG4
COG5
COG6
COG7
COG8
COL10A1
COL11A1
COL11A2
COL18A1
COL1A1
COL2A1
COL3A1
COL4A1
COL4A2
COL4A3
COL4A3BP
COL4A4
COL9A1
COL9A2
COL9A3
COLEC11
COMP
COQ2
COQ5
COQ9
COX10
COX14
COX15
COX6B1
COX7B
CPA6
CPS1
CRADD
CRB1
CRBN
CREBBP
CRELD1
CRX
CRYAA
CRYAB
CRYBA1
CRYBA4
CRYBB1
CRYBB2
CRYBB3
CRYGC
CRYGD
CSPP1
CSTA
CSTB
CTC1
CTCF
CTDP1
CTNNB1
CTNS
CTSA
CTSD
CTSF
CTSK
CTTNBP2
CUBN
CUL4B
CUL7
CUX2
CYB5R3
CYC1
CYFIP1
CYP11A1
CYP1B1
CYP27A1
CYP2U1
D2HGDH
DAG1
DARS
DARS2
DBT
DCAF17
DCHS1
DCTN2
DCX
DDB2
DDC
DDHD1
DDHD2
DDOST
DDR2
DDX11
DDX3X
DDX59
DEAF1
DEPDC5
DFNA5
DFNB59
DGAT1
DHCR24
DHCR7
DHFR
DHODH
DHTKD1
DIP2B
DIS3L2
DISC1
DKC1
DLAT
DLD
DLG1
DLG2
DLG3
DLL3
DLX5
DMD
DMP1
DMPK
DNA2
DNAAF3
DNAJC19
DNM1
DNM3
DNMT3A
DNMT3B
DOCK6
DOCK7
DOCK8
DOLK
DP71
DPAGT1
DPH1
DPM1
DPM3
DPP6
DPYD
DRC1
DSG1
DSPP
DST
DSTYK
DUOX1
DYM
DYNC1H1
DYNC2H1
DYRK1A
DYX1C1
EBP
ECEL1
EDA
EDN1
EDNRB
EEF1A2
EEF1B2
EFNB1
EFTUD2
EHMT1
EIF2AK3
EIF2S3
EIF4A3
EIF4E
EIF4G1
ELAC2
ELN
ELOVL4
ELP2
EMX2
EN2
ENPP1
ENTPD1
EOGT
EOMES
EP300
EPB41L1
EPG5
ERBB3
ERCC1
ERCC2
ERCC3
ERCC4
ERCC5
ERCC6
ERCC6L2
ERCC8
ERF
ERLIN2
ERMARD
ESCO2
ESPN
ESRRB
ETFA
ETFB
ETFDH
ETHE1
EVC
EVC2
EXOSC3
EXPH5
EXT1
EXT2
EYA1
EYA4
EZH2
FAH
FAM111A
FAM126A
FAM134B
FAM161A
FAM20A
FAM20C
FAM58A
FANCA
FANCB
FANCC
FANCD2
FANCE
FANCF
FANCG
FANCI
FANCL
FANCM
FAR1
FASN
FAT4
FBN1
FBN2
FBP1
FBXL4
FBXO25
FBXO31
FBXW4
FEZF1
FGD1
FGF10
FGF21
FGF3
FGF9
FGFR1
FGFR2
FGFR3
FH
FHL1
FIG4
FIGN
FKBP14
FKRP
FKTN
FLG
FLNA
FLNB
FLT4
FLVCR1
FLVCR2
FMN2
FMOD
FMR1
FOLR1
FOXC1
FOXC2
FOXE1
FOXE3
FOXF1
FOXG1
FOXL2
FOXN1
FOXP1
FOXP2
FOXP3
FOXP4
FOXRED1
FRAS1
FREM1
FREM2
FRMD7
FRMPD4
FRY
FTCD
FTL
FTO
FTSJ1
FUCA1
FYCO1
FZD6
GAA
GABBR2
GABRA1
GABRB3
GABRD
GABRG2
GAD1
GALC
GALE
GALK1
GALNS
GALT
GAMT
GAP43
GATA2
GATA4
GATA6
GATAD2B
GATM
GBA
GBA2
GCDH
GCH1
GCSH
GDF1
GDF3
GDF5
GDF6
GDI1
GFAP
GFER
GFM1
GFPT2
GGN
GHR
GJA1
GJA3
GJA8
GJB1
GJB2
GJB3
GJB6
GJC2
GK
GLB1
GLDC
GLE1
GLI2
GLI3
GLIS2
GLIS3
GLMN
GLUD1
GLUL
GM2A
GMPPA
GMPPB
GNAI3
GNAO1
GNAS
GNE
GNPAT
GNPTAB
GNPTG
GNS
GON4L
GPAA1
GPC3
GPC6
GPHN
GPR179
GPR56
GPSM2
GPT2
GRHL2
GRHL3
GRIA3
GRID2
GRIK2
GRIN1
GRIN2A
GRIN2B
GRIN3B
GRIP1
GRM1
GRM6
GRM7
GRXCR1
GSE1
GSPT2
GSS
GTF2H5
GTF2I
GUCY2C
GUSB
HADH
HAL
HARS
HAX1
HCCS
HCFC1
HCN1
HDAC4
HDAC6
HDAC8
HEATR2
HECTD1
HEPACAM
HERC1
HERC2
HESX1
HEXA
HEXB
HGF
HGSNAT
HIBCH
HINT1
HIST1H4B
HIST3H3
HIVEP2
HLCS
HMGA2
HMGCL
HMGCS2
HMX1
HNF1B
HNF4A
HNRNPU
HOXA1
HOXB1
HOXC13
HOXD13
HPD
HPGD
HPRT1
HPS1
HPSE2
HR
HRAS
HSD17B10
HSD17B4
HSF4
HSPD1
HSPG2
HUWE1
HYAL1
HYDIN
HYLS1
IDS
IDUA
IER3IP1
IFIH1
IFITM5
IFT122
IFT140
IFT172
IFT80
IGBP1
IGF1
IGF1R
IGF2
IGFBP7
IGHMBP2
IGSF1
IHH
IKBKG
IL11
IL1RAPL1
ILDR1
IMPAD1
INPP4A
INPP5E
INPPL1
IQSEC2
IRF6
IRX5
ISPD
ITCH
ITGA3
ITGA6
ITGA7
ITGA8
ITPR1
IVD
JAG1
JAGN1
JAK3
JAM3
KALRN
KANK1
KANSL1
KANSL2
KARS
KAT6A
KAT6B
KATNAL2
KBTBD13
KCNA1
KCNA2
KCNC3
KCNE1
KCNH1
KCNH5
KCNJ10
KCNJ11
KCNK9
KCNMA1
KCNQ1
KCNQ2
KCNQ3
KCNT1
KCTD1
KCTD13
KCTD7
KDM5A
KDM5C
KDM6A
KDM6B
KIAA0226
KIAA1033
KIAA1109
KIAA1279
KIAA2022
KIF11
KIF1A
KIF22
KIF2A
KIF4A
KIF5C
KIF7
KIRREL3
KIT
KLF1
KLF8
KLHL15
KLHL40
KMT2A
KMT2D
KPTN
KRAS
KRBOX4
KRIT1
KRT74
L1CAM
L2HGDH
LAMA1
LAMA2
LAMB1
LAMC3
LAMP2
LARGE
LARP7
LARS2
LAS1L
LBR
LDB3
LEFTY2
LEMD3
LEPRE1
LFNG
LGI1
LHX3
LHX4
LIG4
LIMK1
LINS
LIPN
LMBRD1
LMNA
LMX1B
LOXHD1
LRAT
LRBA
LRIG2
LRIT3
LRP2
LRP4
LRP5
LRPAP1
LRPPRC
LRRC6
LRTOMT
LTBP2
LYST
MAB21L2
MACROD2
MAF
MAFB
MAGEL2
MAGT1
MAMLD1
MAN1B1
MAN2B1
MANBA
MAOA
MAP2K1
MAP2K2
MAP3K1
MAPK10
MARVELD2
MASP1
MAST1
MAT1A
MATN3
MBD5
MBTPS2
MC2R
MCCC1
MCCC2
MCEE
MCOLN1
MCPH1
MDGA2
MECP2
MED12
MED13L
MED17
MED23
MEF2C
MEGF10
MEGF8
MEGF9
MEOX1
MESP2
MET
METTL23
METTL4
METTL5
MFRP
MFSD2A
MFSD8
MGAT2
MGP
MICU1
MID1
MIR17HG
MIR184
MIR222
MIR96
MITF
MKKS
MKS1
MLC1
MLL2
MLYCD
MMAA
MMAB
MMACHC
MMADHC
MMP13
MMP14
MNX1
MOCS1
MOCS2
MOGS
MPDU1
MPDZ
MPI
MPLKIP
MPV17
MRE11A
MRPS22
MSNP1AS
MSRB3
MSS51
MSX1
MSX2
MTF1
MTHFR
MTM1
MTMR14
MTO1
MTOR
MTR
MTRR
MTTP
MUT
MVK
MYCN
MYH3
MYH6
MYH8
MYH9
MYO15A
MYO5A
MYO5B
MYO7A
MYOC
MYT1L
NAA10
NAA15
NAGA
NAGLU
NAGS
NALCN
NBN
NDE1
NDNL2
NDP
NDST1
NDUFA1
NDUFA11
NDUFA12
NDUFAF2
NDUFS1
NDUFS2
NDUFS3
NDUFS4
NDUFS7
NDUFS8
NDUFV1
NEB
NEDD4L
NEK1
NEK8
NEU1
NF1
NFATC1
NFIA
NFIX
NFU1
NGFR
NGLY1
NHP2
NHS
NIPBL
NKX2-1
NKX2-5
NKX3-2
NLGN3
NLGN4
NLGN4X
NLRP3
NMNAT1
NODAL
NOG
NOP10
NOTCH1
NOTCH2
NOTCH3
NPC1
NPC2
NPHP1
NPHP3
NPHP4
NPHS1
NPHS2
NPR2
NR1I3
NR2F1
NR2F2
NR5A1
NRAS
NRXN1
NRXN2
NRXN3
NSD1
NSDHL
NSUN2
NT5C3A
NTNG1
NTRK1
NUBPL
NUP62
NYX
OBSL1
OCLN
OCRL
OFD1
OPHN1
OR2A12
ORC1
ORC4
ORC6
OTC
OTOA
OTOF
OTOGL
OTX2
OXCT1
OXTR
PACS1
PAFAH1B1
PAH
PAK3
PALB2
PANK2
PAPSS2
PARP1
PAX1
PAX2
PAX3
PAX6
PAX8
PAX9
PC
PCBD1
PCCA
PCCB
PCDH19
PCDH8
PCGF2
PCNT
PCYT1A
PDCD10
PDE4D
PDE6G
PDE6H
PDGFRB
PDHA1
PDHX
PDSS1
PDSS2
PECR
PEPD
PET100
PEX1
PEX10
PEX11B
PEX12
PEX13
PEX14
PEX16
PEX19
PEX2
PEX26
PEX3
PEX5
PEX6
PEX7
PGAP1
PGAP2
PGAP3
PGK1
PGM3
PHC1
PHF21A
PHF6
PHF8
PHGDH
PHIP
PHOX2B
PIEZO2
PIGA
PIGL
PIGN
PIGO
PIGT
PIGV
PIK3CA
PIK3R1
PIK3R2
PIP5K1C
PITX1
PITX2
PITX3
PKHD1
PLA2G6
PLCB1
PLCB4
PLCE1
PLCG2
PLEC
PLIN4
PLK4
PLOD1
PLOD2
PLOD3
PLP1
PLXND1
PMM2
PMS2
PNKP
PNP
PNPLA1
PNPLA2
PNPT1
POC1A
POC1B
POGZ
POLD1
POLG
POLR1C
POLR1D
POLR3A
POLR3B
POMGNT1
POMGNT2
POMP
POMT1
POMT2
PORCN
POU1F1
PPOX
PPP2R1A
PPP2R5D
PPT1
PQBP1
PREPL
PRKAR1A
PRKAR2B
PRKRA
PRMT9
PRODH
PROP1
PRPS1
PRRT2
PRRX1
PRSS12
PRSS56
PSAP
PSAT1
PSEN1
PSMB8
PSPH
PTCH1
PTCHD1
PTDSS1
PTEN
PTF1A
PTH
PTH1R
PTHLH
PTPN11
PTPN14
PTPRF
PTPRQ
PTS
PTT1
PUF60
PURA
PUS1
PUS7
PVRL1
PVRL4
PXDN
PYCR1
PYGL
QARS
QDPR
QKI
RAB18
RAB23
RAB27A
RAB39B
RAB3GAP1
RAB3GAP2
RAB40AL
RABL6
RAD21
RAD50
RAD51
RAD51C
RAF1
RAI1
RALGDS
RANBP2
RARB
RARS2
RASA1
RAX
RBM10
RBM28
RBM8A
RBPJ
RECQL4
RELN
RET
RFT1
RFX6
RGR
RGS7
RIPK4
RIT1
RLIM
RMND1
RMRP
RNASEH2A
RNASEH2B
RNASEH2C
RNASET2
RNF135
RNF168
RNU4ATAC
ROBO3
ROGDI
ROR2
RORA
RPE65
RPGRIP1
RPGRIP1L
RPL10
RPS19
RPS6KA3
RPS6KC1
RRAS
RSPH1
RSPO4
RTEL1
RTTN
RUNX2
RYR1
SACS
SALL1
SALL4
SAMHD1
SATB2
SBDS
SC5D
SC5DL
SCAPER
SCARF2
SCN11A
SCN1A
SCN1B
SCN2A
SCN4A
SCN8A
SCO1
SCO2
SCRIB
SDCCAG8
SDHA
SDHAF1
SEC23A
SEC23B
SECISBP2
SEMA5A
SEPT6
SERAC1
SERPINB6
SETBP1
SETD2
SETD5
SF3B4
SGSH
SH3PXD2B
SHANK1
SHANK2
SHANK3
SHH
SHOC2
SHOX
SHROOM4
SIL1
SIN3A
SIX1
SIX3
SIX5
SIX6
SKI
SKIV2L
SLC12A6
SLC13A5
SLC16A2
SLC17A5
SLC19A3
SLC1A1
SLC1A4
SLC22A5
SLC24A1
SLC24A4
SLC25A13
SLC25A15
SLC25A19
SLC25A20
SLC25A22
SLC25A38
SLC26A2
SLC27A4
SLC2A1
SLC2A10
SLC2A2
SLC31A1
SLC33A1
SLC35A1
SLC35A2
SLC35A3
SLC35C1
SLC35D1
SLC39A13
SLC46A1
SLC4A1
SLC4A11
SLC4A4
SLC52A3
SLC5A5
SLC6A1
SLC6A17
SLC6A3
SLC6A4
SLC6A5
SLC6A8
SLC7A10
SLC7A7
SLC9A6
SLC9A9
SLX4
SMAD2
SMAD3
SMAD4
SMARCA1
SMARCA2
SMARCA4
SMARCAL1
SMARCB1
SMARCC2
SMARCE1
SMC1A
SMC3
SMCHD1
SMOC1
SMOC2
SMPD1
SMS
SNAP29
SNIP1
SNRPB
SNRPE
SNX14
SNX3
SOBP
SOS1
SOX10
SOX11
SOX17
SOX2
SOX3
SOX5
SOX7
SOX9
SPAG1
SPECC1L
SPEG
SPG11
SPR
SPRED1
SPRTN
SPTAN1
SPTLC2
SRCAP
SRD5A3
SRGAP3
SRPX2
SRY
ST14
ST3GAL3
ST3GAL5
STAG1
STAMBP
STAR
STAT1
STIL
STIM1
STRA6
STS
STT3A
STT3B
STX1A
STXBP1
SUCLA2
SUCLG1
SUMF1
SUMO1
SUOX
SURF1
SYN1
SYNE1
SYNGAP1
SYP
SYT14
SZT2
TAB2
TAC3
TACO1
TACR3
TAF1
TAF2
TANGO2
TAOK2
TAT
TAZ
TBC1D24
TBC1D7
TBC1D8
TBCE
TBL1XR1
TBR1
TBX1
TBX20
TBX22
TBX3
TBX4
TBX5
TBXAS1
TCF12
TCF20
TCF4
TCOF1
TCTN1
TCTN2
TCTN3
TDRD7
TECPR2
TECR
TECTA
TEK
TEX28
TFAP2A
TFAP2B
TGFB1
TGFB2
TGFB3
TGFBR1
TGFBR2
TGIF1
TH
THAP1
THOC6
THRA
THRB
TIMM8A
TK2
TLL1
TM2D3
TM4SF20
TMCO1
TMEM114
TMEM135
TMEM165
TMEM216
TMEM222
TMEM231
TMEM237
TMEM5
TMEM67
TMEM70
TMLHE
TMPRSS6
TNFRSF13B
TNK2
TP63
TPK1
TPP1
TPRN
TRAPPC11
TRAPPC2
TRAPPC9
TREX1
TRIM32
TRIM37
TRIO
TRIP11
TRMT1
TRMT10A
TRPM1
TRPS1
TRPV3
TRPV4
TSC1
TSC2
TSEN2
TSEN34
TSEN54
TSHR
TSHZ1
TSPAN7
TTC19
TTC37
TTC7A
TTC8
TTI2
TTN
TTP1
TUBA1A
TUBA8
TUBB2A
TUBB2B
TUBB4A
TUBGCP6
TUFM
TUSC3
TWIST1
TWIST2
TYR
TYRP1
UBA5
UBE2A
UBE2J2
UBE3A
UBE3B
UBR1
UBR7
UFM1
UGT1A1
UMPS
UPB1
UPF3B
UQCRB
UQCRQ
UROC1
UROS
USP27X
USP9X
UVSSA
VANGL1
VDR
VIP
VIPAS39
VLDLR
VPS13B
VPS33B
VRK1
VSX2
WAC
WDPCP
WDR11
WDR19
WDR34
WDR35
WDR45
WDR45B
WDR45L
WDR60
WDR62
WDR73
WDR81
WFDC1
WHSC1
WNK3
WNT1
WNT10B
WNT3
WNT4
WNT5A
WNT7A
WRAP53
WT1
WWOX
XPA
XPC
XPNPEP3
XYLT1
YAP1
YWHAE
YY1
ZBTB16
ZBTB18
ZBTB20
ZBTB40
ZC3H14
ZC4H2
ZCCHC8
ZDHHC15
ZDHHC9
ZEB1
ZEB2
ZFP57
ZFPM2
ZFYVE26
ZIC2
ZIC3
ZMPSTE24
ZMYM3
ZMYND10
ZMYND11
ZMYND17
ZNF292
ZNF41
ZNF498
ZNF526
ZNF592
ZNF599
ZNF674
ZNF711
ZNF713
ZNF750
ZNF81
ZSCAN25
ZSWIM6
